Archive member included because of file (symbol)

c:/program files (x86)/atmel/atmel toolchain/avr8 gcc/native/3.4.1061/avr8-gnu-toolchain/bin/../lib/gcc/avr/4.8.1/avr5\libgcc.a(_exit.o)
                              c:/program files (x86)/atmel/atmel toolchain/avr8 gcc/native/3.4.1061/avr8-gnu-toolchain/bin/../lib/gcc/avr/4.8.1/../../../../avr/lib/avr5/crtm16.o (exit)
c:/program files (x86)/atmel/atmel toolchain/avr8 gcc/native/3.4.1061/avr8-gnu-toolchain/bin/../lib/gcc/avr/4.8.1/avr5\libgcc.a(_tablejump.o)
                              practica 6 pianito.o (__tablejump2__)
c:/program files (x86)/atmel/atmel toolchain/avr8 gcc/native/3.4.1061/avr8-gnu-toolchain/bin/../lib/gcc/avr/4.8.1/avr5\libgcc.a(_copy_data.o)
                              LIB_UPIITA/UPIITA_LCD_LIB.o (__do_copy_data)

Discarded input sections

 .data          0x00000000        0x0 c:/program files (x86)/atmel/atmel toolchain/avr8 gcc/native/3.4.1061/avr8-gnu-toolchain/bin/../lib/gcc/avr/4.8.1/../../../../avr/lib/avr5/crtm16.o
 .bss           0x00000000        0x0 c:/program files (x86)/atmel/atmel toolchain/avr8 gcc/native/3.4.1061/avr8-gnu-toolchain/bin/../lib/gcc/avr/4.8.1/../../../../avr/lib/avr5/crtm16.o
 .text          0x00000000        0x0 LIB_UPIITA/UPIITA_LCD_LIB.o
 .data          0x00000000        0x0 LIB_UPIITA/UPIITA_LCD_LIB.o
 .bss           0x00000000        0x0 LIB_UPIITA/UPIITA_LCD_LIB.o
 .text.CAR_ESP0
                0x00000000       0xa4 LIB_UPIITA/UPIITA_LCD_LIB.o
 .text.CAR_ESP1
                0x00000000       0xa4 LIB_UPIITA/UPIITA_LCD_LIB.o
 .text.CAR_ESP2
                0x00000000       0xa4 LIB_UPIITA/UPIITA_LCD_LIB.o
 .text.CAR_ESP3
                0x00000000       0xa4 LIB_UPIITA/UPIITA_LCD_LIB.o
 .rodata        0x00000000       0x1c LIB_UPIITA/UPIITA_LCD_LIB.o
 .text.CAR_ESP4
                0x00000000       0x84 LIB_UPIITA/UPIITA_LCD_LIB.o
 .text.CAR_ESP5
                0x00000000       0x84 LIB_UPIITA/UPIITA_LCD_LIB.o
 .text.CAR_ESP6
                0x00000000       0x84 LIB_UPIITA/UPIITA_LCD_LIB.o
 .text.CAR_ESP7
                0x00000000       0x84 LIB_UPIITA/UPIITA_LCD_LIB.o
 .text.REGRESO_CASA
                0x00000000        0x8 LIB_UPIITA/UPIITA_LCD_LIB.o
 .text.CURSOR_DER
                0x00000000        0x8 LIB_UPIITA/UPIITA_LCD_LIB.o
 .text.CURSOR_DER_CORRE
                0x00000000        0x8 LIB_UPIITA/UPIITA_LCD_LIB.o
 .text.CURSOR_IZQ
                0x00000000        0x8 LIB_UPIITA/UPIITA_LCD_LIB.o
 .text.CURSOR_IZQ_CORRE
                0x00000000        0x8 LIB_UPIITA/UPIITA_LCD_LIB.o
 .text.PARPADEAR_CURSOR
                0x00000000        0x8 LIB_UPIITA/UPIITA_LCD_LIB.o
 .text.PARPADEAR_CURSOR_REC
                0x00000000        0x8 LIB_UPIITA/UPIITA_LCD_LIB.o
 .text.POS_LINEA2
                0x00000000        0x8 LIB_UPIITA/UPIITA_LCD_LIB.o
 .text.POS_LINEA3
                0x00000000        0x8 LIB_UPIITA/UPIITA_LCD_LIB.o
 .text.POS_LINEA4
                0x00000000        0x8 LIB_UPIITA/UPIITA_LCD_LIB.o
 .text.animacion
                0x00000000       0x2e LIB_UPIITA/UPIITA_LCD_LIB.o
 .rodata.str1.1
                0x00000000        0xb LIB_UPIITA/UPIITA_LCD_LIB.o
 .text.LCD_HELLOWORLD
                0x00000000       0x4a LIB_UPIITA/UPIITA_LCD_LIB.o
 .text.CARGAR_CAR_ESP
                0x00000000       0x9e LIB_UPIITA/UPIITA_LCD_LIB.o
 .text          0x00000000        0x0 LIB_UPIITA/UPIITA_TECLADO_BARRIDO.o
 .data          0x00000000        0x0 LIB_UPIITA/UPIITA_TECLADO_BARRIDO.o
 .bss           0x00000000        0x0 LIB_UPIITA/UPIITA_TECLADO_BARRIDO.o
 .text          0x00000000        0x0 practica 6 pianito.o
 .data          0x00000000        0x0 practica 6 pianito.o
 .bss           0x00000000        0x0 practica 6 pianito.o
 .text.ChangeNote
                0x00000000        0x4 practica 6 pianito.o
 .text          0x00000000        0x0 c:/program files (x86)/atmel/atmel toolchain/avr8 gcc/native/3.4.1061/avr8-gnu-toolchain/bin/../lib/gcc/avr/4.8.1/avr5\libgcc.a(_exit.o)
 .data          0x00000000        0x0 c:/program files (x86)/atmel/atmel toolchain/avr8 gcc/native/3.4.1061/avr8-gnu-toolchain/bin/../lib/gcc/avr/4.8.1/avr5\libgcc.a(_exit.o)
 .bss           0x00000000        0x0 c:/program files (x86)/atmel/atmel toolchain/avr8 gcc/native/3.4.1061/avr8-gnu-toolchain/bin/../lib/gcc/avr/4.8.1/avr5\libgcc.a(_exit.o)
 .text.libgcc.mul
                0x00000000        0x0 c:/program files (x86)/atmel/atmel toolchain/avr8 gcc/native/3.4.1061/avr8-gnu-toolchain/bin/../lib/gcc/avr/4.8.1/avr5\libgcc.a(_exit.o)
 .text.libgcc.div
                0x00000000        0x0 c:/program files (x86)/atmel/atmel toolchain/avr8 gcc/native/3.4.1061/avr8-gnu-toolchain/bin/../lib/gcc/avr/4.8.1/avr5\libgcc.a(_exit.o)
 .text.libgcc   0x00000000        0x0 c:/program files (x86)/atmel/atmel toolchain/avr8 gcc/native/3.4.1061/avr8-gnu-toolchain/bin/../lib/gcc/avr/4.8.1/avr5\libgcc.a(_exit.o)
 .text.libgcc.prologue
                0x00000000        0x0 c:/program files (x86)/atmel/atmel toolchain/avr8 gcc/native/3.4.1061/avr8-gnu-toolchain/bin/../lib/gcc/avr/4.8.1/avr5\libgcc.a(_exit.o)
 .text.libgcc.builtins
                0x00000000        0x0 c:/program files (x86)/atmel/atmel toolchain/avr8 gcc/native/3.4.1061/avr8-gnu-toolchain/bin/../lib/gcc/avr/4.8.1/avr5\libgcc.a(_exit.o)
 .text.libgcc.fmul
                0x00000000        0x0 c:/program files (x86)/atmel/atmel toolchain/avr8 gcc/native/3.4.1061/avr8-gnu-toolchain/bin/../lib/gcc/avr/4.8.1/avr5\libgcc.a(_exit.o)
 .text.libgcc.fixed
                0x00000000        0x0 c:/program files (x86)/atmel/atmel toolchain/avr8 gcc/native/3.4.1061/avr8-gnu-toolchain/bin/../lib/gcc/avr/4.8.1/avr5\libgcc.a(_exit.o)
 .text          0x00000000        0x0 c:/program files (x86)/atmel/atmel toolchain/avr8 gcc/native/3.4.1061/avr8-gnu-toolchain/bin/../lib/gcc/avr/4.8.1/avr5\libgcc.a(_tablejump.o)
 .data          0x00000000        0x0 c:/program files (x86)/atmel/atmel toolchain/avr8 gcc/native/3.4.1061/avr8-gnu-toolchain/bin/../lib/gcc/avr/4.8.1/avr5\libgcc.a(_tablejump.o)
 .bss           0x00000000        0x0 c:/program files (x86)/atmel/atmel toolchain/avr8 gcc/native/3.4.1061/avr8-gnu-toolchain/bin/../lib/gcc/avr/4.8.1/avr5\libgcc.a(_tablejump.o)
 .text.libgcc.mul
                0x00000000        0x0 c:/program files (x86)/atmel/atmel toolchain/avr8 gcc/native/3.4.1061/avr8-gnu-toolchain/bin/../lib/gcc/avr/4.8.1/avr5\libgcc.a(_tablejump.o)
 .text.libgcc.div
                0x00000000        0x0 c:/program files (x86)/atmel/atmel toolchain/avr8 gcc/native/3.4.1061/avr8-gnu-toolchain/bin/../lib/gcc/avr/4.8.1/avr5\libgcc.a(_tablejump.o)
 .text.libgcc.prologue
                0x00000000        0x0 c:/program files (x86)/atmel/atmel toolchain/avr8 gcc/native/3.4.1061/avr8-gnu-toolchain/bin/../lib/gcc/avr/4.8.1/avr5\libgcc.a(_tablejump.o)
 .text.libgcc.builtins
                0x00000000        0x0 c:/program files (x86)/atmel/atmel toolchain/avr8 gcc/native/3.4.1061/avr8-gnu-toolchain/bin/../lib/gcc/avr/4.8.1/avr5\libgcc.a(_tablejump.o)
 .text.libgcc.fmul
                0x00000000        0x0 c:/program files (x86)/atmel/atmel toolchain/avr8 gcc/native/3.4.1061/avr8-gnu-toolchain/bin/../lib/gcc/avr/4.8.1/avr5\libgcc.a(_tablejump.o)
 .text.libgcc.fixed
                0x00000000        0x0 c:/program files (x86)/atmel/atmel toolchain/avr8 gcc/native/3.4.1061/avr8-gnu-toolchain/bin/../lib/gcc/avr/4.8.1/avr5\libgcc.a(_tablejump.o)
 .text          0x00000000        0x0 c:/program files (x86)/atmel/atmel toolchain/avr8 gcc/native/3.4.1061/avr8-gnu-toolchain/bin/../lib/gcc/avr/4.8.1/avr5\libgcc.a(_copy_data.o)
 .data          0x00000000        0x0 c:/program files (x86)/atmel/atmel toolchain/avr8 gcc/native/3.4.1061/avr8-gnu-toolchain/bin/../lib/gcc/avr/4.8.1/avr5\libgcc.a(_copy_data.o)
 .bss           0x00000000        0x0 c:/program files (x86)/atmel/atmel toolchain/avr8 gcc/native/3.4.1061/avr8-gnu-toolchain/bin/../lib/gcc/avr/4.8.1/avr5\libgcc.a(_copy_data.o)
 .text.libgcc.mul
                0x00000000        0x0 c:/program files (x86)/atmel/atmel toolchain/avr8 gcc/native/3.4.1061/avr8-gnu-toolchain/bin/../lib/gcc/avr/4.8.1/avr5\libgcc.a(_copy_data.o)
 .text.libgcc.div
                0x00000000        0x0 c:/program files (x86)/atmel/atmel toolchain/avr8 gcc/native/3.4.1061/avr8-gnu-toolchain/bin/../lib/gcc/avr/4.8.1/avr5\libgcc.a(_copy_data.o)
 .text.libgcc   0x00000000        0x0 c:/program files (x86)/atmel/atmel toolchain/avr8 gcc/native/3.4.1061/avr8-gnu-toolchain/bin/../lib/gcc/avr/4.8.1/avr5\libgcc.a(_copy_data.o)
 .text.libgcc.prologue
                0x00000000        0x0 c:/program files (x86)/atmel/atmel toolchain/avr8 gcc/native/3.4.1061/avr8-gnu-toolchain/bin/../lib/gcc/avr/4.8.1/avr5\libgcc.a(_copy_data.o)
 .text.libgcc.builtins
                0x00000000        0x0 c:/program files (x86)/atmel/atmel toolchain/avr8 gcc/native/3.4.1061/avr8-gnu-toolchain/bin/../lib/gcc/avr/4.8.1/avr5\libgcc.a(_copy_data.o)
 .text.libgcc.fmul
                0x00000000        0x0 c:/program files (x86)/atmel/atmel toolchain/avr8 gcc/native/3.4.1061/avr8-gnu-toolchain/bin/../lib/gcc/avr/4.8.1/avr5\libgcc.a(_copy_data.o)
 .text.libgcc.fixed
                0x00000000        0x0 c:/program files (x86)/atmel/atmel toolchain/avr8 gcc/native/3.4.1061/avr8-gnu-toolchain/bin/../lib/gcc/avr/4.8.1/avr5\libgcc.a(_copy_data.o)

Memory Configuration

Name             Origin             Length             Attributes
text             0x00000000         0x00020000         xr
data             0x00800060         0x0000ffa0         rw !x
eeprom           0x00810000         0x00010000         rw !x
fuse             0x00820000         0x00000400         rw !x
lock             0x00830000         0x00000400         rw !x
signature        0x00840000         0x00000400         rw !x
user_signatures  0x00850000         0x00000400         rw !x
*default*        0x00000000         0xffffffff

Linker script and memory map

LOAD c:/program files (x86)/atmel/atmel toolchain/avr8 gcc/native/3.4.1061/avr8-gnu-toolchain/bin/../lib/gcc/avr/4.8.1/../../../../avr/lib/avr5/crtm16.o
LOAD LIB_UPIITA/UPIITA_LCD_LIB.o
LOAD LIB_UPIITA/UPIITA_TECLADO_BARRIDO.o
LOAD practica 6 pianito.o
START GROUP
LOAD c:/program files (x86)/atmel/atmel toolchain/avr8 gcc/native/3.4.1061/avr8-gnu-toolchain/bin/../lib/gcc/avr/4.8.1/../../../../avr/lib/avr5\libm.a
END GROUP
START GROUP
LOAD c:/program files (x86)/atmel/atmel toolchain/avr8 gcc/native/3.4.1061/avr8-gnu-toolchain/bin/../lib/gcc/avr/4.8.1/avr5\libgcc.a
LOAD c:/program files (x86)/atmel/atmel toolchain/avr8 gcc/native/3.4.1061/avr8-gnu-toolchain/bin/../lib/gcc/avr/4.8.1/../../../../avr/lib/avr5\libm.a
LOAD c:/program files (x86)/atmel/atmel toolchain/avr8 gcc/native/3.4.1061/avr8-gnu-toolchain/bin/../lib/gcc/avr/4.8.1/../../../../avr/lib/avr5\libc.a
END GROUP

.hash
 *(.hash)

.dynsym
 *(.dynsym)

.dynstr
 *(.dynstr)

.gnu.version
 *(.gnu.version)

.gnu.version_d
 *(.gnu.version_d)

.gnu.version_r
 *(.gnu.version_r)

.rel.init
 *(.rel.init)

.rela.init
 *(.rela.init)

.rel.text
 *(.rel.text)
 *(.rel.text.*)
 *(.rel.gnu.linkonce.t*)

.rela.text
 *(.rela.text)
 *(.rela.text.*)
 *(.rela.gnu.linkonce.t*)

.rel.fini
 *(.rel.fini)

.rela.fini
 *(.rela.fini)

.rel.rodata
 *(.rel.rodata)
 *(.rel.rodata.*)
 *(.rel.gnu.linkonce.r*)

.rela.rodata
 *(.rela.rodata)
 *(.rela.rodata.*)
 *(.rela.gnu.linkonce.r*)

.rel.data
 *(.rel.data)
 *(.rel.data.*)
 *(.rel.gnu.linkonce.d*)

.rela.data
 *(.rela.data)
 *(.rela.data.*)
 *(.rela.gnu.linkonce.d*)

.rel.ctors
 *(.rel.ctors)

.rela.ctors
 *(.rela.ctors)

.rel.dtors
 *(.rel.dtors)

.rela.dtors
 *(.rela.dtors)

.rel.got
 *(.rel.got)

.rela.got
 *(.rela.got)

.rel.bss
 *(.rel.bss)

.rela.bss
 *(.rela.bss)

.rel.plt
 *(.rel.plt)

.rela.plt
 *(.rela.plt)

.text           0x00000000      0x472
 *(.vectors)
 .vectors       0x00000000       0x54 c:/program files (x86)/atmel/atmel toolchain/avr8 gcc/native/3.4.1061/avr8-gnu-toolchain/bin/../lib/gcc/avr/4.8.1/../../../../avr/lib/avr5/crtm16.o
                0x00000000                __vector_default
                0x00000000                __vectors
 *(.vectors)
 *(.progmem.gcc*)
 .progmem.gcc_sw_table.main
                0x00000054       0x26 practica 6 pianito.o
                0x0000007a                . = ALIGN (0x2)
                0x0000007a                __trampolines_start = .
 *(.trampolines)
 .trampolines   0x0000007a        0x0 linker stubs
 *(.trampolines*)
                0x0000007a                __trampolines_end = .
 *(.progmem*)
                0x0000007a                . = ALIGN (0x2)
 *(.jumptables)
 *(.jumptables*)
 *(.lowtext)
 *(.lowtext*)
                0x0000007a                __ctors_start = .
 *(.ctors)
                0x0000007a                __ctors_end = .
                0x0000007a                __dtors_start = .
 *(.dtors)
                0x0000007a                __dtors_end = .
 SORT(*)(.ctors)
 SORT(*)(.dtors)
 *(.init0)
 .init0         0x0000007a        0x0 c:/program files (x86)/atmel/atmel toolchain/avr8 gcc/native/3.4.1061/avr8-gnu-toolchain/bin/../lib/gcc/avr/4.8.1/../../../../avr/lib/avr5/crtm16.o
                0x0000007a                __init
 *(.init0)
 *(.init1)
 *(.init1)
 *(.init2)
 .init2         0x0000007a        0xc c:/program files (x86)/atmel/atmel toolchain/avr8 gcc/native/3.4.1061/avr8-gnu-toolchain/bin/../lib/gcc/avr/4.8.1/../../../../avr/lib/avr5/crtm16.o
 *(.init2)
 *(.init3)
 *(.init3)
 *(.init4)
 .init4         0x00000086       0x16 c:/program files (x86)/atmel/atmel toolchain/avr8 gcc/native/3.4.1061/avr8-gnu-toolchain/bin/../lib/gcc/avr/4.8.1/avr5\libgcc.a(_copy_data.o)
                0x00000086                __do_copy_data
 *(.init4)
 *(.init5)
 *(.init5)
 *(.init6)
 *(.init6)
 *(.init7)
 *(.init7)
 *(.init8)
 *(.init8)
 *(.init9)
 .init9         0x0000009c        0x8 c:/program files (x86)/atmel/atmel toolchain/avr8 gcc/native/3.4.1061/avr8-gnu-toolchain/bin/../lib/gcc/avr/4.8.1/../../../../avr/lib/avr5/crtm16.o
 *(.init9)
 *(.text)
 .text          0x000000a4        0x4 c:/program files (x86)/atmel/atmel toolchain/avr8 gcc/native/3.4.1061/avr8-gnu-toolchain/bin/../lib/gcc/avr/4.8.1/../../../../avr/lib/avr5/crtm16.o
                0x000000a4                __vector_1
                0x000000a4                __vector_12
                0x000000a4                __bad_interrupt
                0x000000a4                __vector_6
                0x000000a4                __vector_3
                0x000000a4                __vector_11
                0x000000a4                __vector_13
                0x000000a4                __vector_17
                0x000000a4                __vector_7
                0x000000a4                __vector_5
                0x000000a4                __vector_4
                0x000000a4                __vector_9
                0x000000a4                __vector_2
                0x000000a4                __vector_15
                0x000000a4                __vector_8
                0x000000a4                __vector_14
                0x000000a4                __vector_10
                0x000000a4                __vector_16
                0x000000a4                __vector_18
                0x000000a4                __vector_20
                0x000000a8                . = ALIGN (0x2)
 *(.text.*)
 .text.ENVIA_CMD
                0x000000a8       0x4e LIB_UPIITA/UPIITA_LCD_LIB.o
                0x000000a8                ENVIA_CMD
 .text.LCD_INICIALIZA
                0x000000f6       0x26 LIB_UPIITA/UPIITA_LCD_LIB.o
                0x000000f6                LCD_INICIALIZA
 .text.ENVIA_DATO
                0x0000011c       0x56 LIB_UPIITA/UPIITA_LCD_LIB.o
                0x0000011c                ENVIA_DATO
 .text.ENVIA_CADENA
                0x00000172       0x1e LIB_UPIITA/UPIITA_LCD_LIB.o
                0x00000172                ENVIA_CADENA
 .text.LIMPIA_LCD
                0x00000190        0x8 LIB_UPIITA/UPIITA_LCD_LIB.o
                0x00000190                LIMPIA_LCD
 .text.POS_LINEA1
                0x00000198        0x8 LIB_UPIITA/UPIITA_LCD_LIB.o
                0x00000198                POS_LINEA1
 .text.APAGAR_CURSOR
                0x000001a0        0x8 LIB_UPIITA/UPIITA_LCD_LIB.o
                0x000001a0                APAGAR_CURSOR
 .text.LEE_TECLADO
                0x000001a8       0xd0 LIB_UPIITA/UPIITA_TECLADO_BARRIDO.o
                0x000001a8                LEE_TECLADO
 .text.BARRE_TECLADO
                0x00000278       0x28 LIB_UPIITA/UPIITA_TECLADO_BARRIDO.o
                0x00000278                BARRE_TECLADO
 .text.__vector_19
                0x000002a0       0x1c practica 6 pianito.o
                0x000002a0                __vector_19
 .text.ConfigIO
                0x000002bc       0x22 practica 6 pianito.o
                0x000002bc                ConfigIO
 .text.RefreshLCDMessage
                0x000002de       0x1c practica 6 pianito.o
                0x000002de                RefreshLCDMessage
 .text.DisableSound
                0x000002fa        0xc practica 6 pianito.o
                0x000002fa                DisableSound
 .text.EnableSound
                0x00000306        0xa practica 6 pianito.o
                0x00000306                EnableSound
 .text.main     0x00000310      0x152 practica 6 pianito.o
                0x00000310                main
 .text.libgcc   0x00000462        0xc c:/program files (x86)/atmel/atmel toolchain/avr8 gcc/native/3.4.1061/avr8-gnu-toolchain/bin/../lib/gcc/avr/4.8.1/avr5\libgcc.a(_tablejump.o)
                0x00000462                __tablejump2__
                0x00000466                __tablejump__
                0x0000046e                . = ALIGN (0x2)
 *(.fini9)
 .fini9         0x0000046e        0x0 c:/program files (x86)/atmel/atmel toolchain/avr8 gcc/native/3.4.1061/avr8-gnu-toolchain/bin/../lib/gcc/avr/4.8.1/avr5\libgcc.a(_exit.o)
                0x0000046e                _exit
                0x0000046e                exit
 *(.fini9)
 *(.fini8)
 *(.fini8)
 *(.fini7)
 *(.fini7)
 *(.fini6)
 *(.fini6)
 *(.fini5)
 *(.fini5)
 *(.fini4)
 *(.fini4)
 *(.fini3)
 *(.fini3)
 *(.fini2)
 *(.fini2)
 *(.fini1)
 *(.fini1)
 *(.fini0)
 .fini0         0x0000046e        0x4 c:/program files (x86)/atmel/atmel toolchain/avr8 gcc/native/3.4.1061/avr8-gnu-toolchain/bin/../lib/gcc/avr/4.8.1/avr5\libgcc.a(_exit.o)
 *(.fini0)
                0x00000472                _etext = .

.data           0x00800060       0x2c load address 0x00000472
                0x00800060                PROVIDE (__data_start, .)
 *(.data)
 *(.data*)
 .data.pressedKey
                0x00800060        0x1 practica 6 pianito.o
                0x00800060                pressedKey
 *(.rodata)
 *(.rodata*)
 .rodata.str1.1
                0x00800061       0x2b practica 6 pianito.o
 *(.gnu.linkonce.d*)
                0x0080008c                . = ALIGN (0x2)
                0x0080008c                _edata = .
                0x0080008c                PROVIDE (__data_end, .)

.bss            0x0080008c        0x0
                0x0080008c                PROVIDE (__bss_start, .)
 *(.bss)
 *(.bss*)
 *(COMMON)
                0x0080008c                PROVIDE (__bss_end, .)
                0x00000472                __data_load_start = LOADADDR (.data)
                0x0000049e                __data_load_end = (__data_load_start + SIZEOF (.data))

.noinit         0x0080008c        0x0
                0x0080008c                PROVIDE (__noinit_start, .)
 *(.noinit*)
                0x0080008c                PROVIDE (__noinit_end, .)
                0x0080008c                _end = .
                0x0080008c                PROVIDE (__heap_start, .)

.eeprom         0x00810000        0x0
 *(.eeprom*)
                0x00810000                __eeprom_end = .

.fuse
 *(.fuse)
 *(.lfuse)
 *(.hfuse)
 *(.efuse)

.lock
 *(.lock*)

.signature
 *(.signature*)

.user_signatures
 *(.user_signatures*)

.stab
 *(.stab)

.stabstr
 *(.stabstr)

.stab.excl
 *(.stab.excl)

.stab.exclstr
 *(.stab.exclstr)

.stab.index
 *(.stab.index)

.stab.indexstr
 *(.stab.indexstr)

.comment        0x00000000       0x30
 *(.comment)
 .comment       0x00000000       0x30 LIB_UPIITA/UPIITA_LCD_LIB.o
                                 0x31 (size before relaxing)
 .comment       0x00000000       0x31 LIB_UPIITA/UPIITA_TECLADO_BARRIDO.o
 .comment       0x00000000       0x31 practica 6 pianito.o

.note.gnu.build-id
 *(.note.gnu.build-id)

.debug
 *(.debug)

.line
 *(.line)

.debug_srcinfo
 *(.debug_srcinfo)

.debug_sfnames
 *(.debug_sfnames)

.debug_aranges  0x00000000      0x170
 *(.debug_aranges)
 .debug_aranges
                0x00000000       0xf8 LIB_UPIITA/UPIITA_LCD_LIB.o
 .debug_aranges
                0x000000f8       0x28 LIB_UPIITA/UPIITA_TECLADO_BARRIDO.o
 .debug_aranges
                0x00000120       0x50 practica 6 pianito.o

.debug_pubnames
 *(.debug_pubnames)

.debug_info     0x00000000     0x1fbe
 *(.debug_info .gnu.linkonce.wi.*)
 .debug_info    0x00000000     0x1977 LIB_UPIITA/UPIITA_LCD_LIB.o
 .debug_info    0x00001977       0xb6 LIB_UPIITA/UPIITA_TECLADO_BARRIDO.o
 .debug_info    0x00001a2d      0x591 practica 6 pianito.o

.debug_abbrev   0x00000000      0x49a
 *(.debug_abbrev)
 .debug_abbrev  0x00000000      0x263 LIB_UPIITA/UPIITA_LCD_LIB.o
 .debug_abbrev  0x00000263       0x78 LIB_UPIITA/UPIITA_TECLADO_BARRIDO.o
 .debug_abbrev  0x000002db      0x1bf practica 6 pianito.o

.debug_line     0x00000000      0x962
 *(.debug_line .debug_line.* .debug_line_end)
 .debug_line    0x00000000      0x625 LIB_UPIITA/UPIITA_LCD_LIB.o
 .debug_line    0x00000625      0x109 LIB_UPIITA/UPIITA_TECLADO_BARRIDO.o
 .debug_line    0x0000072e      0x234 practica 6 pianito.o

.debug_frame    0x00000000      0x344
 *(.debug_frame)
 .debug_frame   0x00000000      0x270 LIB_UPIITA/UPIITA_LCD_LIB.o
 .debug_frame   0x00000270       0x34 LIB_UPIITA/UPIITA_TECLADO_BARRIDO.o
 .debug_frame   0x000002a4       0xa0 practica 6 pianito.o

.debug_str      0x00000000      0x434
 *(.debug_str)
 .debug_str     0x00000000      0x365 LIB_UPIITA/UPIITA_LCD_LIB.o
                                0x39e (size before relaxing)
 .debug_str     0x00000365       0x4f LIB_UPIITA/UPIITA_TECLADO_BARRIDO.o
                                0x1b9 (size before relaxing)
 .debug_str     0x000003b4       0x80 practica 6 pianito.o
                                0x244 (size before relaxing)

.debug_loc      0x00000000      0x7c5
 *(.debug_loc)
 .debug_loc     0x00000000      0x4a2 LIB_UPIITA/UPIITA_LCD_LIB.o
 .debug_loc     0x000004a2       0xf0 LIB_UPIITA/UPIITA_TECLADO_BARRIDO.o
 .debug_loc     0x00000592      0x233 practica 6 pianito.o

.debug_macinfo
 *(.debug_macinfo)

.debug_weaknames
 *(.debug_weaknames)

.debug_funcnames
 *(.debug_funcnames)

.debug_typenames
 *(.debug_typenames)

.debug_varnames
 *(.debug_varnames)

.debug_pubtypes
 *(.debug_pubtypes)

.debug_ranges   0x00000000      0x360
 *(.debug_ranges)
 .debug_ranges  0x00000000       0xe8 LIB_UPIITA/UPIITA_LCD_LIB.o
 .debug_ranges  0x000000e8       0x18 LIB_UPIITA/UPIITA_TECLADO_BARRIDO.o
 .debug_ranges  0x00000100      0x260 practica 6 pianito.o

.debug_macro
 *(.debug_macro)
OUTPUT(practica 6 pianito.elf elf32-avr)
LOAD linker stubs
