Archive member included because of file (symbol)

c:/program files (x86)/atmel/atmel toolchain/avr8 gcc/native/3.4.1061/avr8-gnu-toolchain/bin/../lib/gcc/avr/4.8.1/avr5\libgcc.a(_exit.o)
                              c:/program files (x86)/atmel/atmel toolchain/avr8 gcc/native/3.4.1061/avr8-gnu-toolchain/bin/../lib/gcc/avr/4.8.1/../../../../avr/lib/avr5/crtm16.o (exit)
c:/program files (x86)/atmel/atmel toolchain/avr8 gcc/native/3.4.1061/avr8-gnu-toolchain/bin/../lib/gcc/avr/4.8.1/avr5\libgcc.a(_copy_data.o)
                              Practica_lcd_v2.o (__do_copy_data)

Discarded input sections

 .data          0x00000000        0x0 c:/program files (x86)/atmel/atmel toolchain/avr8 gcc/native/3.4.1061/avr8-gnu-toolchain/bin/../lib/gcc/avr/4.8.1/../../../../avr/lib/avr5/crtm16.o
 .bss           0x00000000        0x0 c:/program files (x86)/atmel/atmel toolchain/avr8 gcc/native/3.4.1061/avr8-gnu-toolchain/bin/../lib/gcc/avr/4.8.1/../../../../avr/lib/avr5/crtm16.o
 .text          0x00000000        0x0 Practica_lcd_v2.o
 .data          0x00000000        0x0 Practica_lcd_v2.o
 .bss           0x00000000        0x0 Practica_lcd_v2.o
 .text          0x00000000        0x0 UPIITA_LIB/UPIITA_LCD_LIB.o
 .data          0x00000000        0x0 UPIITA_LIB/UPIITA_LCD_LIB.o
 .bss           0x00000000        0x0 UPIITA_LIB/UPIITA_LCD_LIB.o
 .text.CURSOR_DER
                0x00000000        0x8 UPIITA_LIB/UPIITA_LCD_LIB.o
 .text.CURSOR_DER_CORRE
                0x00000000        0x8 UPIITA_LIB/UPIITA_LCD_LIB.o
 .text.CURSOR_IZQ
                0x00000000        0x8 UPIITA_LIB/UPIITA_LCD_LIB.o
 .text.CURSOR_IZQ_CORRE
                0x00000000        0x8 UPIITA_LIB/UPIITA_LCD_LIB.o
 .text.PARPADEAR_CURSOR
                0x00000000        0x8 UPIITA_LIB/UPIITA_LCD_LIB.o
 .text.PARPADEAR_CURSOR_REC
                0x00000000        0x8 UPIITA_LIB/UPIITA_LCD_LIB.o
 .text.POS_LINEA3
                0x00000000        0x8 UPIITA_LIB/UPIITA_LCD_LIB.o
 .text.POS_LINEA4
                0x00000000        0x8 UPIITA_LIB/UPIITA_LCD_LIB.o
 .text.animacion
                0x00000000       0x2e UPIITA_LIB/UPIITA_LCD_LIB.o
 .text.APAGAR_CURSOR
                0x00000000        0x8 UPIITA_LIB/UPIITA_LCD_LIB.o
 .text          0x00000000        0x0 c:/program files (x86)/atmel/atmel toolchain/avr8 gcc/native/3.4.1061/avr8-gnu-toolchain/bin/../lib/gcc/avr/4.8.1/avr5\libgcc.a(_exit.o)
 .data          0x00000000        0x0 c:/program files (x86)/atmel/atmel toolchain/avr8 gcc/native/3.4.1061/avr8-gnu-toolchain/bin/../lib/gcc/avr/4.8.1/avr5\libgcc.a(_exit.o)
 .bss           0x00000000        0x0 c:/program files (x86)/atmel/atmel toolchain/avr8 gcc/native/3.4.1061/avr8-gnu-toolchain/bin/../lib/gcc/avr/4.8.1/avr5\libgcc.a(_exit.o)
 .text.libgcc.mul
                0x00000000        0x0 c:/program files (x86)/atmel/atmel toolchain/avr8 gcc/native/3.4.1061/avr8-gnu-toolchain/bin/../lib/gcc/avr/4.8.1/avr5\libgcc.a(_exit.o)
 .text.libgcc.div
                0x00000000        0x0 c:/program files (x86)/atmel/atmel toolchain/avr8 gcc/native/3.4.1061/avr8-gnu-toolchain/bin/../lib/gcc/avr/4.8.1/avr5\libgcc.a(_exit.o)
 .text.libgcc   0x00000000        0x0 c:/program files (x86)/atmel/atmel toolchain/avr8 gcc/native/3.4.1061/avr8-gnu-toolchain/bin/../lib/gcc/avr/4.8.1/avr5\libgcc.a(_exit.o)
 .text.libgcc.prologue
                0x00000000        0x0 c:/program files (x86)/atmel/atmel toolchain/avr8 gcc/native/3.4.1061/avr8-gnu-toolchain/bin/../lib/gcc/avr/4.8.1/avr5\libgcc.a(_exit.o)
 .text.libgcc.builtins
                0x00000000        0x0 c:/program files (x86)/atmel/atmel toolchain/avr8 gcc/native/3.4.1061/avr8-gnu-toolchain/bin/../lib/gcc/avr/4.8.1/avr5\libgcc.a(_exit.o)
 .text.libgcc.fmul
                0x00000000        0x0 c:/program files (x86)/atmel/atmel toolchain/avr8 gcc/native/3.4.1061/avr8-gnu-toolchain/bin/../lib/gcc/avr/4.8.1/avr5\libgcc.a(_exit.o)
 .text.libgcc.fixed
                0x00000000        0x0 c:/program files (x86)/atmel/atmel toolchain/avr8 gcc/native/3.4.1061/avr8-gnu-toolchain/bin/../lib/gcc/avr/4.8.1/avr5\libgcc.a(_exit.o)
 .text          0x00000000        0x0 c:/program files (x86)/atmel/atmel toolchain/avr8 gcc/native/3.4.1061/avr8-gnu-toolchain/bin/../lib/gcc/avr/4.8.1/avr5\libgcc.a(_copy_data.o)
 .data          0x00000000        0x0 c:/program files (x86)/atmel/atmel toolchain/avr8 gcc/native/3.4.1061/avr8-gnu-toolchain/bin/../lib/gcc/avr/4.8.1/avr5\libgcc.a(_copy_data.o)
 .bss           0x00000000        0x0 c:/program files (x86)/atmel/atmel toolchain/avr8 gcc/native/3.4.1061/avr8-gnu-toolchain/bin/../lib/gcc/avr/4.8.1/avr5\libgcc.a(_copy_data.o)
 .text.libgcc.mul
                0x00000000        0x0 c:/program files (x86)/atmel/atmel toolchain/avr8 gcc/native/3.4.1061/avr8-gnu-toolchain/bin/../lib/gcc/avr/4.8.1/avr5\libgcc.a(_copy_data.o)
 .text.libgcc.div
                0x00000000        0x0 c:/program files (x86)/atmel/atmel toolchain/avr8 gcc/native/3.4.1061/avr8-gnu-toolchain/bin/../lib/gcc/avr/4.8.1/avr5\libgcc.a(_copy_data.o)
 .text.libgcc   0x00000000        0x0 c:/program files (x86)/atmel/atmel toolchain/avr8 gcc/native/3.4.1061/avr8-gnu-toolchain/bin/../lib/gcc/avr/4.8.1/avr5\libgcc.a(_copy_data.o)
 .text.libgcc.prologue
                0x00000000        0x0 c:/program files (x86)/atmel/atmel toolchain/avr8 gcc/native/3.4.1061/avr8-gnu-toolchain/bin/../lib/gcc/avr/4.8.1/avr5\libgcc.a(_copy_data.o)
 .text.libgcc.builtins
                0x00000000        0x0 c:/program files (x86)/atmel/atmel toolchain/avr8 gcc/native/3.4.1061/avr8-gnu-toolchain/bin/../lib/gcc/avr/4.8.1/avr5\libgcc.a(_copy_data.o)
 .text.libgcc.fmul
                0x00000000        0x0 c:/program files (x86)/atmel/atmel toolchain/avr8 gcc/native/3.4.1061/avr8-gnu-toolchain/bin/../lib/gcc/avr/4.8.1/avr5\libgcc.a(_copy_data.o)
 .text.libgcc.fixed
                0x00000000        0x0 c:/program files (x86)/atmel/atmel toolchain/avr8 gcc/native/3.4.1061/avr8-gnu-toolchain/bin/../lib/gcc/avr/4.8.1/avr5\libgcc.a(_copy_data.o)

Memory Configuration

Name             Origin             Length             Attributes
text             0x00000000         0x00020000         xr
data             0x00800060         0x0000ffa0         rw !x
eeprom           0x00810000         0x00010000         rw !x
fuse             0x00820000         0x00000400         rw !x
lock             0x00830000         0x00000400         rw !x
signature        0x00840000         0x00000400         rw !x
user_signatures  0x00850000         0x00000400         rw !x
*default*        0x00000000         0xffffffff

Linker script and memory map

LOAD c:/program files (x86)/atmel/atmel toolchain/avr8 gcc/native/3.4.1061/avr8-gnu-toolchain/bin/../lib/gcc/avr/4.8.1/../../../../avr/lib/avr5/crtm16.o
LOAD Practica_lcd_v2.o
LOAD UPIITA_LIB/UPIITA_LCD_LIB.o
START GROUP
LOAD c:/program files (x86)/atmel/atmel toolchain/avr8 gcc/native/3.4.1061/avr8-gnu-toolchain/bin/../lib/gcc/avr/4.8.1/../../../../avr/lib/avr5\libm.a
END GROUP
START GROUP
LOAD c:/program files (x86)/atmel/atmel toolchain/avr8 gcc/native/3.4.1061/avr8-gnu-toolchain/bin/../lib/gcc/avr/4.8.1/avr5\libgcc.a
LOAD c:/program files (x86)/atmel/atmel toolchain/avr8 gcc/native/3.4.1061/avr8-gnu-toolchain/bin/../lib/gcc/avr/4.8.1/../../../../avr/lib/avr5\libm.a
LOAD c:/program files (x86)/atmel/atmel toolchain/avr8 gcc/native/3.4.1061/avr8-gnu-toolchain/bin/../lib/gcc/avr/4.8.1/../../../../avr/lib/avr5\libc.a
END GROUP

.hash
 *(.hash)

.dynsym
 *(.dynsym)

.dynstr
 *(.dynstr)

.gnu.version
 *(.gnu.version)

.gnu.version_d
 *(.gnu.version_d)

.gnu.version_r
 *(.gnu.version_r)

.rel.init
 *(.rel.init)

.rela.init
 *(.rela.init)

.rel.text
 *(.rel.text)
 *(.rel.text.*)
 *(.rel.gnu.linkonce.t*)

.rela.text
 *(.rela.text)
 *(.rela.text.*)
 *(.rela.gnu.linkonce.t*)

.rel.fini
 *(.rel.fini)

.rela.fini
 *(.rela.fini)

.rel.rodata
 *(.rel.rodata)
 *(.rel.rodata.*)
 *(.rel.gnu.linkonce.r*)

.rela.rodata
 *(.rela.rodata)
 *(.rela.rodata.*)
 *(.rela.gnu.linkonce.r*)

.rel.data
 *(.rel.data)
 *(.rel.data.*)
 *(.rel.gnu.linkonce.d*)

.rela.data
 *(.rela.data)
 *(.rela.data.*)
 *(.rela.gnu.linkonce.d*)

.rel.ctors
 *(.rel.ctors)

.rela.ctors
 *(.rela.ctors)

.rel.dtors
 *(.rel.dtors)

.rela.dtors
 *(.rela.dtors)

.rel.got
 *(.rel.got)

.rela.got
 *(.rela.got)

.rel.bss
 *(.rel.bss)

.rela.bss
 *(.rela.bss)

.rel.plt
 *(.rel.plt)

.rela.plt
 *(.rela.plt)

.text           0x00000000      0x756
 *(.vectors)
 .vectors       0x00000000       0x54 c:/program files (x86)/atmel/atmel toolchain/avr8 gcc/native/3.4.1061/avr8-gnu-toolchain/bin/../lib/gcc/avr/4.8.1/../../../../avr/lib/avr5/crtm16.o
                0x00000000                __vector_default
                0x00000000                __vectors
 *(.vectors)
 *(.progmem.gcc*)
                0x00000054                . = ALIGN (0x2)
                0x00000054                __trampolines_start = .
 *(.trampolines)
 .trampolines   0x00000054        0x0 linker stubs
 *(.trampolines*)
                0x00000054                __trampolines_end = .
 *(.progmem*)
                0x00000054                . = ALIGN (0x2)
 *(.jumptables)
 *(.jumptables*)
 *(.lowtext)
 *(.lowtext*)
                0x00000054                __ctors_start = .
 *(.ctors)
                0x00000054                __ctors_end = .
                0x00000054                __dtors_start = .
 *(.dtors)
                0x00000054                __dtors_end = .
 SORT(*)(.ctors)
 SORT(*)(.dtors)
 *(.init0)
 .init0         0x00000054        0x0 c:/program files (x86)/atmel/atmel toolchain/avr8 gcc/native/3.4.1061/avr8-gnu-toolchain/bin/../lib/gcc/avr/4.8.1/../../../../avr/lib/avr5/crtm16.o
                0x00000054                __init
 *(.init0)
 *(.init1)
 *(.init1)
 *(.init2)
 .init2         0x00000054        0xc c:/program files (x86)/atmel/atmel toolchain/avr8 gcc/native/3.4.1061/avr8-gnu-toolchain/bin/../lib/gcc/avr/4.8.1/../../../../avr/lib/avr5/crtm16.o
 *(.init2)
 *(.init3)
 *(.init3)
 *(.init4)
 .init4         0x00000060       0x16 c:/program files (x86)/atmel/atmel toolchain/avr8 gcc/native/3.4.1061/avr8-gnu-toolchain/bin/../lib/gcc/avr/4.8.1/avr5\libgcc.a(_copy_data.o)
                0x00000060                __do_copy_data
 *(.init4)
 *(.init5)
 *(.init5)
 *(.init6)
 *(.init6)
 *(.init7)
 *(.init7)
 *(.init8)
 *(.init8)
 *(.init9)
 .init9         0x00000076        0x8 c:/program files (x86)/atmel/atmel toolchain/avr8 gcc/native/3.4.1061/avr8-gnu-toolchain/bin/../lib/gcc/avr/4.8.1/../../../../avr/lib/avr5/crtm16.o
 *(.init9)
 *(.text)
 .text          0x0000007e        0x4 c:/program files (x86)/atmel/atmel toolchain/avr8 gcc/native/3.4.1061/avr8-gnu-toolchain/bin/../lib/gcc/avr/4.8.1/../../../../avr/lib/avr5/crtm16.o
                0x0000007e                __vector_1
                0x0000007e                __vector_12
                0x0000007e                __bad_interrupt
                0x0000007e                __vector_6
                0x0000007e                __vector_3
                0x0000007e                __vector_11
                0x0000007e                __vector_13
                0x0000007e                __vector_17
                0x0000007e                __vector_19
                0x0000007e                __vector_7
                0x0000007e                __vector_5
                0x0000007e                __vector_4
                0x0000007e                __vector_9
                0x0000007e                __vector_2
                0x0000007e                __vector_15
                0x0000007e                __vector_8
                0x0000007e                __vector_14
                0x0000007e                __vector_10
                0x0000007e                __vector_16
                0x0000007e                __vector_18
                0x0000007e                __vector_20
                0x00000082                . = ALIGN (0x2)
 *(.text.*)
 .text.main     0x00000082      0x128 Practica_lcd_v2.o
                0x00000082                main
 .text.ENVIA_CMD
                0x000001aa       0x4e UPIITA_LIB/UPIITA_LCD_LIB.o
                0x000001aa                ENVIA_CMD
 .text.LCD_INICIALIZA
                0x000001f8       0x26 UPIITA_LIB/UPIITA_LCD_LIB.o
                0x000001f8                LCD_INICIALIZA
 .text.ENVIA_DATO
                0x0000021e       0x56 UPIITA_LIB/UPIITA_LCD_LIB.o
                0x0000021e                ENVIA_DATO
 .text.CAR_ESP0
                0x00000274       0xa4 UPIITA_LIB/UPIITA_LCD_LIB.o
                0x00000274                CAR_ESP0
 .text.CAR_ESP1
                0x00000318       0xa4 UPIITA_LIB/UPIITA_LCD_LIB.o
                0x00000318                CAR_ESP1
 .text.CAR_ESP2
                0x000003bc       0xa4 UPIITA_LIB/UPIITA_LCD_LIB.o
                0x000003bc                CAR_ESP2
 .text.CAR_ESP3
                0x00000460       0xa4 UPIITA_LIB/UPIITA_LCD_LIB.o
                0x00000460                CAR_ESP3
 .text.CAR_ESP4
                0x00000504       0x84 UPIITA_LIB/UPIITA_LCD_LIB.o
                0x00000504                CAR_ESP4
 .text.CAR_ESP5
                0x00000588       0x84 UPIITA_LIB/UPIITA_LCD_LIB.o
                0x00000588                CAR_ESP5
 .text.CAR_ESP6
                0x0000060c       0x84 UPIITA_LIB/UPIITA_LCD_LIB.o
                0x0000060c                CAR_ESP6
 .text.CAR_ESP7
                0x00000690       0x84 UPIITA_LIB/UPIITA_LCD_LIB.o
                0x00000690                CAR_ESP7
 .text.ENVIA_CADENA
                0x00000714       0x1e UPIITA_LIB/UPIITA_LCD_LIB.o
                0x00000714                ENVIA_CADENA
 .text.LIMPIA_LCD
                0x00000732        0x8 UPIITA_LIB/UPIITA_LCD_LIB.o
                0x00000732                LIMPIA_LCD
 .text.REGRESO_CASA
                0x0000073a        0x8 UPIITA_LIB/UPIITA_LCD_LIB.o
                0x0000073a                REGRESO_CASA
 .text.POS_LINEA1
                0x00000742        0x8 UPIITA_LIB/UPIITA_LCD_LIB.o
                0x00000742                POS_LINEA1
 .text.POS_LINEA2
                0x0000074a        0x8 UPIITA_LIB/UPIITA_LCD_LIB.o
                0x0000074a                POS_LINEA2
                0x00000752                . = ALIGN (0x2)
 *(.fini9)
 .fini9         0x00000752        0x0 c:/program files (x86)/atmel/atmel toolchain/avr8 gcc/native/3.4.1061/avr8-gnu-toolchain/bin/../lib/gcc/avr/4.8.1/avr5\libgcc.a(_exit.o)
                0x00000752                _exit
                0x00000752                exit
 *(.fini9)
 *(.fini8)
 *(.fini8)
 *(.fini7)
 *(.fini7)
 *(.fini6)
 *(.fini6)
 *(.fini5)
 *(.fini5)
 *(.fini4)
 *(.fini4)
 *(.fini3)
 *(.fini3)
 *(.fini2)
 *(.fini2)
 *(.fini1)
 *(.fini1)
 *(.fini0)
 .fini0         0x00000752        0x4 c:/program files (x86)/atmel/atmel toolchain/avr8 gcc/native/3.4.1061/avr8-gnu-toolchain/bin/../lib/gcc/avr/4.8.1/avr5\libgcc.a(_exit.o)
 *(.fini0)
                0x00000756                _etext = .

.data           0x00800060       0x36 load address 0x00000756
                0x00800060                PROVIDE (__data_start, .)
 *(.data)
 *(.data*)
 *(.rodata)
 .rodata        0x00800060       0x1c UPIITA_LIB/UPIITA_LCD_LIB.o
 *(.rodata*)
 .rodata.str1.1
                0x0080007c       0x1a Practica_lcd_v2.o
 *(.gnu.linkonce.d*)
                0x00800096                . = ALIGN (0x2)
                0x00800096                _edata = .
                0x00800096                PROVIDE (__data_end, .)

.bss            0x00800096        0x0
                0x00800096                PROVIDE (__bss_start, .)
 *(.bss)
 *(.bss*)
 *(COMMON)
                0x00800096                PROVIDE (__bss_end, .)
                0x00000756                __data_load_start = LOADADDR (.data)
                0x0000078c                __data_load_end = (__data_load_start + SIZEOF (.data))

.noinit         0x00800096        0x0
                0x00800096                PROVIDE (__noinit_start, .)
 *(.noinit*)
                0x00800096                PROVIDE (__noinit_end, .)
                0x00800096                _end = .
                0x00800096                PROVIDE (__heap_start, .)

.eeprom         0x00810000        0x0
 *(.eeprom*)
                0x00810000                __eeprom_end = .

.fuse
 *(.fuse)
 *(.lfuse)
 *(.hfuse)
 *(.efuse)

.lock
 *(.lock*)

.signature
 *(.signature*)

.user_signatures
 *(.user_signatures*)

.stab
 *(.stab)

.stabstr
 *(.stabstr)

.stab.excl
 *(.stab.excl)

.stab.exclstr
 *(.stab.exclstr)

.stab.index
 *(.stab.index)

.stab.indexstr
 *(.stab.indexstr)

.comment        0x00000000       0x30
 *(.comment)
 .comment       0x00000000       0x30 Practica_lcd_v2.o
                                 0x31 (size before relaxing)
 .comment       0x00000000       0x31 UPIITA_LIB/UPIITA_LCD_LIB.o

.note.gnu.build-id
 *(.note.gnu.build-id)

.debug
 *(.debug)

.line
 *(.line)

.debug_srcinfo
 *(.debug_srcinfo)

.debug_sfnames
 *(.debug_sfnames)

.debug_aranges  0x00000000      0x108
 *(.debug_aranges)
 .debug_aranges
                0x00000000       0x20 Practica_lcd_v2.o
 .debug_aranges
                0x00000020       0xe8 UPIITA_LIB/UPIITA_LCD_LIB.o

.debug_pubnames
 *(.debug_pubnames)

.debug_info     0x00000000     0x1b92
 *(.debug_info .gnu.linkonce.wi.*)
 .debug_info    0x00000000      0x609 Practica_lcd_v2.o
 .debug_info    0x00000609     0x1589 UPIITA_LIB/UPIITA_LCD_LIB.o

.debug_abbrev   0x00000000      0x36d
 *(.debug_abbrev)
 .debug_abbrev  0x00000000      0x160 Practica_lcd_v2.o
 .debug_abbrev  0x00000160      0x20d UPIITA_LIB/UPIITA_LCD_LIB.o

.debug_line     0x00000000      0x778
 *(.debug_line .debug_line.* .debug_line_end)
 .debug_line    0x00000000      0x20b Practica_lcd_v2.o
 .debug_line    0x0000020b      0x56d UPIITA_LIB/UPIITA_LCD_LIB.o

.debug_frame    0x00000000      0x274
 *(.debug_frame)
 .debug_frame   0x00000000       0x24 Practica_lcd_v2.o
 .debug_frame   0x00000024      0x250 UPIITA_LIB/UPIITA_LCD_LIB.o

.debug_str      0x00000000      0x35d
 *(.debug_str)
 .debug_str     0x00000000      0x22f Practica_lcd_v2.o
                                0x268 (size before relaxing)
 .debug_str     0x0000022f      0x12e UPIITA_LIB/UPIITA_LCD_LIB.o
                                0x37a (size before relaxing)

.debug_loc      0x00000000      0x4b6
 *(.debug_loc)
 .debug_loc     0x00000000       0x14 Practica_lcd_v2.o
 .debug_loc     0x00000014      0x4a2 UPIITA_LIB/UPIITA_LCD_LIB.o

.debug_macinfo
 *(.debug_macinfo)

.debug_weaknames
 *(.debug_weaknames)

.debug_funcnames
 *(.debug_funcnames)

.debug_typenames
 *(.debug_typenames)

.debug_varnames
 *(.debug_varnames)

.debug_pubtypes
 *(.debug_pubtypes)

.debug_ranges   0x00000000       0xe8
 *(.debug_ranges)
 .debug_ranges  0x00000000       0x10 Practica_lcd_v2.o
 .debug_ranges  0x00000010       0xd8 UPIITA_LIB/UPIITA_LCD_LIB.o

.debug_macro
 *(.debug_macro)
OUTPUT(Practica_lcd_v2.elf elf32-avr)
LOAD linker stubs
