Archive member included because of file (symbol)

c:/program files (x86)/atmel/atmel toolchain/avr8 gcc/native/3.4.1061/avr8-gnu-toolchain/bin/../lib/gcc/avr/4.8.1/avr5\libgcc.a(_exit.o)
                              c:/program files (x86)/atmel/atmel toolchain/avr8 gcc/native/3.4.1061/avr8-gnu-toolchain/bin/../lib/gcc/avr/4.8.1/../../../../avr/lib/avr5/crtm16.o (exit)
c:/program files (x86)/atmel/atmel toolchain/avr8 gcc/native/3.4.1061/avr8-gnu-toolchain/bin/../lib/gcc/avr/4.8.1/avr5\libgcc.a(_copy_data.o)
                              Practica3_a_teclado.o (__do_copy_data)

Discarded input sections

 .data          0x00000000        0x0 c:/program files (x86)/atmel/atmel toolchain/avr8 gcc/native/3.4.1061/avr8-gnu-toolchain/bin/../lib/gcc/avr/4.8.1/../../../../avr/lib/avr5/crtm16.o
 .bss           0x00000000        0x0 c:/program files (x86)/atmel/atmel toolchain/avr8 gcc/native/3.4.1061/avr8-gnu-toolchain/bin/../lib/gcc/avr/4.8.1/../../../../avr/lib/avr5/crtm16.o
 .text          0x00000000        0x0 Practica3_a_teclado.o
 .data          0x00000000        0x0 Practica3_a_teclado.o
 .bss           0x00000000        0x0 Practica3_a_teclado.o
 .text          0x00000000        0x0 UPIITA_LIB/UPIITA_LCD_LIB.o
 .data          0x00000000        0x0 UPIITA_LIB/UPIITA_LCD_LIB.o
 .bss           0x00000000        0x0 UPIITA_LIB/UPIITA_LCD_LIB.o
 .text.CURSOR_DER
                0x00000000        0x8 UPIITA_LIB/UPIITA_LCD_LIB.o
 .text.CURSOR_DER_CORRE
                0x00000000        0x8 UPIITA_LIB/UPIITA_LCD_LIB.o
 .text.CURSOR_IZQ
                0x00000000        0x8 UPIITA_LIB/UPIITA_LCD_LIB.o
 .text.PARPADEAR_CURSOR
                0x00000000        0x8 UPIITA_LIB/UPIITA_LCD_LIB.o
 .text.PARPADEAR_CURSOR_REC
                0x00000000        0x8 UPIITA_LIB/UPIITA_LCD_LIB.o
 .text.POS_LINEA1
                0x00000000        0x8 UPIITA_LIB/UPIITA_LCD_LIB.o
 .text.POS_LINEA3
                0x00000000        0x8 UPIITA_LIB/UPIITA_LCD_LIB.o
 .text.POS_LINEA4
                0x00000000        0x8 UPIITA_LIB/UPIITA_LCD_LIB.o
 .text.animacion
                0x00000000       0x2e UPIITA_LIB/UPIITA_LCD_LIB.o
 .text.APAGAR_CURSOR
                0x00000000        0x8 UPIITA_LIB/UPIITA_LCD_LIB.o
 .rodata.str1.1
                0x00000000        0xb UPIITA_LIB/UPIITA_LCD_LIB.o
 .text.LCD_HELLOWORLD
                0x00000000       0x4a UPIITA_LIB/UPIITA_LCD_LIB.o
 .text          0x00000000        0x0 UPIITA_LIB/UPIITA_TECLADO_BARRIDO.o
 .data          0x00000000        0x0 UPIITA_LIB/UPIITA_TECLADO_BARRIDO.o
 .bss           0x00000000        0x0 UPIITA_LIB/UPIITA_TECLADO_BARRIDO.o
 .text          0x00000000        0x0 c:/program files (x86)/atmel/atmel toolchain/avr8 gcc/native/3.4.1061/avr8-gnu-toolchain/bin/../lib/gcc/avr/4.8.1/avr5\libgcc.a(_exit.o)
 .data          0x00000000        0x0 c:/program files (x86)/atmel/atmel toolchain/avr8 gcc/native/3.4.1061/avr8-gnu-toolchain/bin/../lib/gcc/avr/4.8.1/avr5\libgcc.a(_exit.o)
 .bss           0x00000000        0x0 c:/program files (x86)/atmel/atmel toolchain/avr8 gcc/native/3.4.1061/avr8-gnu-toolchain/bin/../lib/gcc/avr/4.8.1/avr5\libgcc.a(_exit.o)
 .text.libgcc.mul
                0x00000000        0x0 c:/program files (x86)/atmel/atmel toolchain/avr8 gcc/native/3.4.1061/avr8-gnu-toolchain/bin/../lib/gcc/avr/4.8.1/avr5\libgcc.a(_exit.o)
 .text.libgcc.div
                0x00000000        0x0 c:/program files (x86)/atmel/atmel toolchain/avr8 gcc/native/3.4.1061/avr8-gnu-toolchain/bin/../lib/gcc/avr/4.8.1/avr5\libgcc.a(_exit.o)
 .text.libgcc   0x00000000        0x0 c:/program files (x86)/atmel/atmel toolchain/avr8 gcc/native/3.4.1061/avr8-gnu-toolchain/bin/../lib/gcc/avr/4.8.1/avr5\libgcc.a(_exit.o)
 .text.libgcc.prologue
                0x00000000        0x0 c:/program files (x86)/atmel/atmel toolchain/avr8 gcc/native/3.4.1061/avr8-gnu-toolchain/bin/../lib/gcc/avr/4.8.1/avr5\libgcc.a(_exit.o)
 .text.libgcc.builtins
                0x00000000        0x0 c:/program files (x86)/atmel/atmel toolchain/avr8 gcc/native/3.4.1061/avr8-gnu-toolchain/bin/../lib/gcc/avr/4.8.1/avr5\libgcc.a(_exit.o)
 .text.libgcc.fmul
                0x00000000        0x0 c:/program files (x86)/atmel/atmel toolchain/avr8 gcc/native/3.4.1061/avr8-gnu-toolchain/bin/../lib/gcc/avr/4.8.1/avr5\libgcc.a(_exit.o)
 .text.libgcc.fixed
                0x00000000        0x0 c:/program files (x86)/atmel/atmel toolchain/avr8 gcc/native/3.4.1061/avr8-gnu-toolchain/bin/../lib/gcc/avr/4.8.1/avr5\libgcc.a(_exit.o)
 .text          0x00000000        0x0 c:/program files (x86)/atmel/atmel toolchain/avr8 gcc/native/3.4.1061/avr8-gnu-toolchain/bin/../lib/gcc/avr/4.8.1/avr5\libgcc.a(_copy_data.o)
 .data          0x00000000        0x0 c:/program files (x86)/atmel/atmel toolchain/avr8 gcc/native/3.4.1061/avr8-gnu-toolchain/bin/../lib/gcc/avr/4.8.1/avr5\libgcc.a(_copy_data.o)
 .bss           0x00000000        0x0 c:/program files (x86)/atmel/atmel toolchain/avr8 gcc/native/3.4.1061/avr8-gnu-toolchain/bin/../lib/gcc/avr/4.8.1/avr5\libgcc.a(_copy_data.o)
 .text.libgcc.mul
                0x00000000        0x0 c:/program files (x86)/atmel/atmel toolchain/avr8 gcc/native/3.4.1061/avr8-gnu-toolchain/bin/../lib/gcc/avr/4.8.1/avr5\libgcc.a(_copy_data.o)
 .text.libgcc.div
                0x00000000        0x0 c:/program files (x86)/atmel/atmel toolchain/avr8 gcc/native/3.4.1061/avr8-gnu-toolchain/bin/../lib/gcc/avr/4.8.1/avr5\libgcc.a(_copy_data.o)
 .text.libgcc   0x00000000        0x0 c:/program files (x86)/atmel/atmel toolchain/avr8 gcc/native/3.4.1061/avr8-gnu-toolchain/bin/../lib/gcc/avr/4.8.1/avr5\libgcc.a(_copy_data.o)
 .text.libgcc.prologue
                0x00000000        0x0 c:/program files (x86)/atmel/atmel toolchain/avr8 gcc/native/3.4.1061/avr8-gnu-toolchain/bin/../lib/gcc/avr/4.8.1/avr5\libgcc.a(_copy_data.o)
 .text.libgcc.builtins
                0x00000000        0x0 c:/program files (x86)/atmel/atmel toolchain/avr8 gcc/native/3.4.1061/avr8-gnu-toolchain/bin/../lib/gcc/avr/4.8.1/avr5\libgcc.a(_copy_data.o)
 .text.libgcc.fmul
                0x00000000        0x0 c:/program files (x86)/atmel/atmel toolchain/avr8 gcc/native/3.4.1061/avr8-gnu-toolchain/bin/../lib/gcc/avr/4.8.1/avr5\libgcc.a(_copy_data.o)
 .text.libgcc.fixed
                0x00000000        0x0 c:/program files (x86)/atmel/atmel toolchain/avr8 gcc/native/3.4.1061/avr8-gnu-toolchain/bin/../lib/gcc/avr/4.8.1/avr5\libgcc.a(_copy_data.o)

Memory Configuration

Name             Origin             Length             Attributes
text             0x00000000         0x00020000         xr
data             0x00800060         0x0000ffa0         rw !x
eeprom           0x00810000         0x00010000         rw !x
fuse             0x00820000         0x00000400         rw !x
lock             0x00830000         0x00000400         rw !x
signature        0x00840000         0x00000400         rw !x
user_signatures  0x00850000         0x00000400         rw !x
*default*        0x00000000         0xffffffff

Linker script and memory map

LOAD c:/program files (x86)/atmel/atmel toolchain/avr8 gcc/native/3.4.1061/avr8-gnu-toolchain/bin/../lib/gcc/avr/4.8.1/../../../../avr/lib/avr5/crtm16.o
LOAD Practica3_a_teclado.o
LOAD UPIITA_LIB/UPIITA_LCD_LIB.o
LOAD UPIITA_LIB/UPIITA_TECLADO_BARRIDO.o
START GROUP
LOAD c:/program files (x86)/atmel/atmel toolchain/avr8 gcc/native/3.4.1061/avr8-gnu-toolchain/bin/../lib/gcc/avr/4.8.1/../../../../avr/lib/avr5\libm.a
END GROUP
START GROUP
LOAD c:/program files (x86)/atmel/atmel toolchain/avr8 gcc/native/3.4.1061/avr8-gnu-toolchain/bin/../lib/gcc/avr/4.8.1/avr5\libgcc.a
LOAD c:/program files (x86)/atmel/atmel toolchain/avr8 gcc/native/3.4.1061/avr8-gnu-toolchain/bin/../lib/gcc/avr/4.8.1/../../../../avr/lib/avr5\libm.a
LOAD c:/program files (x86)/atmel/atmel toolchain/avr8 gcc/native/3.4.1061/avr8-gnu-toolchain/bin/../lib/gcc/avr/4.8.1/../../../../avr/lib/avr5\libc.a
END GROUP

.hash
 *(.hash)

.dynsym
 *(.dynsym)

.dynstr
 *(.dynstr)

.gnu.version
 *(.gnu.version)

.gnu.version_d
 *(.gnu.version_d)

.gnu.version_r
 *(.gnu.version_r)

.rel.init
 *(.rel.init)

.rela.init
 *(.rela.init)

.rel.text
 *(.rel.text)
 *(.rel.text.*)
 *(.rel.gnu.linkonce.t*)

.rela.text
 *(.rela.text)
 *(.rela.text.*)
 *(.rela.gnu.linkonce.t*)

.rel.fini
 *(.rel.fini)

.rela.fini
 *(.rela.fini)

.rel.rodata
 *(.rel.rodata)
 *(.rel.rodata.*)
 *(.rel.gnu.linkonce.r*)

.rela.rodata
 *(.rela.rodata)
 *(.rela.rodata.*)
 *(.rela.gnu.linkonce.r*)

.rel.data
 *(.rel.data)
 *(.rel.data.*)
 *(.rel.gnu.linkonce.d*)

.rela.data
 *(.rela.data)
 *(.rela.data.*)
 *(.rela.gnu.linkonce.d*)

.rel.ctors
 *(.rel.ctors)

.rela.ctors
 *(.rela.ctors)

.rel.dtors
 *(.rel.dtors)

.rela.dtors
 *(.rela.dtors)

.rel.got
 *(.rel.got)

.rela.got
 *(.rela.got)

.rel.bss
 *(.rel.bss)

.rela.bss
 *(.rela.bss)

.rel.plt
 *(.rel.plt)

.rela.plt
 *(.rela.plt)

.text           0x00000000      0x906
 *(.vectors)
 .vectors       0x00000000       0x54 c:/program files (x86)/atmel/atmel toolchain/avr8 gcc/native/3.4.1061/avr8-gnu-toolchain/bin/../lib/gcc/avr/4.8.1/../../../../avr/lib/avr5/crtm16.o
                0x00000000                __vector_default
                0x00000000                __vectors
 *(.vectors)
 *(.progmem.gcc*)
                0x00000054                . = ALIGN (0x2)
                0x00000054                __trampolines_start = .
 *(.trampolines)
 .trampolines   0x00000054        0x0 linker stubs
 *(.trampolines*)
                0x00000054                __trampolines_end = .
 *(.progmem*)
                0x00000054                . = ALIGN (0x2)
 *(.jumptables)
 *(.jumptables*)
 *(.lowtext)
 *(.lowtext*)
                0x00000054                __ctors_start = .
 *(.ctors)
                0x00000054                __ctors_end = .
                0x00000054                __dtors_start = .
 *(.dtors)
                0x00000054                __dtors_end = .
 SORT(*)(.ctors)
 SORT(*)(.dtors)
 *(.init0)
 .init0         0x00000054        0x0 c:/program files (x86)/atmel/atmel toolchain/avr8 gcc/native/3.4.1061/avr8-gnu-toolchain/bin/../lib/gcc/avr/4.8.1/../../../../avr/lib/avr5/crtm16.o
                0x00000054                __init
 *(.init0)
 *(.init1)
 *(.init1)
 *(.init2)
 .init2         0x00000054        0xc c:/program files (x86)/atmel/atmel toolchain/avr8 gcc/native/3.4.1061/avr8-gnu-toolchain/bin/../lib/gcc/avr/4.8.1/../../../../avr/lib/avr5/crtm16.o
 *(.init2)
 *(.init3)
 *(.init3)
 *(.init4)
 .init4         0x00000060       0x16 c:/program files (x86)/atmel/atmel toolchain/avr8 gcc/native/3.4.1061/avr8-gnu-toolchain/bin/../lib/gcc/avr/4.8.1/avr5\libgcc.a(_copy_data.o)
                0x00000060                __do_copy_data
 *(.init4)
 *(.init5)
 *(.init5)
 *(.init6)
 *(.init6)
 *(.init7)
 *(.init7)
 *(.init8)
 *(.init8)
 *(.init9)
 .init9         0x00000076        0x8 c:/program files (x86)/atmel/atmel toolchain/avr8 gcc/native/3.4.1061/avr8-gnu-toolchain/bin/../lib/gcc/avr/4.8.1/../../../../avr/lib/avr5/crtm16.o
 *(.init9)
 *(.text)
 .text          0x0000007e        0x4 c:/program files (x86)/atmel/atmel toolchain/avr8 gcc/native/3.4.1061/avr8-gnu-toolchain/bin/../lib/gcc/avr/4.8.1/../../../../avr/lib/avr5/crtm16.o
                0x0000007e                __vector_1
                0x0000007e                __vector_12
                0x0000007e                __bad_interrupt
                0x0000007e                __vector_6
                0x0000007e                __vector_3
                0x0000007e                __vector_11
                0x0000007e                __vector_13
                0x0000007e                __vector_17
                0x0000007e                __vector_19
                0x0000007e                __vector_7
                0x0000007e                __vector_5
                0x0000007e                __vector_4
                0x0000007e                __vector_9
                0x0000007e                __vector_2
                0x0000007e                __vector_15
                0x0000007e                __vector_8
                0x0000007e                __vector_14
                0x0000007e                __vector_10
                0x0000007e                __vector_16
                0x0000007e                __vector_18
                0x0000007e                __vector_20
                0x00000082                . = ALIGN (0x2)
 *(.text.*)
 .text.main     0x00000082      0x13e Practica3_a_teclado.o
                0x00000082                main
 .text.ENVIA_CMD
                0x000001c0       0x4e UPIITA_LIB/UPIITA_LCD_LIB.o
                0x000001c0                ENVIA_CMD
 .text.LCD_INICIALIZA
                0x0000020e       0x26 UPIITA_LIB/UPIITA_LCD_LIB.o
                0x0000020e                LCD_INICIALIZA
 .text.ENVIA_DATO
                0x00000234       0x56 UPIITA_LIB/UPIITA_LCD_LIB.o
                0x00000234                ENVIA_DATO
 .text.CAR_ESP0
                0x0000028a       0xa4 UPIITA_LIB/UPIITA_LCD_LIB.o
                0x0000028a                CAR_ESP0
 .text.CAR_ESP1
                0x0000032e       0xa4 UPIITA_LIB/UPIITA_LCD_LIB.o
                0x0000032e                CAR_ESP1
 .text.CAR_ESP2
                0x000003d2       0xa4 UPIITA_LIB/UPIITA_LCD_LIB.o
                0x000003d2                CAR_ESP2
 .text.CAR_ESP3
                0x00000476       0xa4 UPIITA_LIB/UPIITA_LCD_LIB.o
                0x00000476                CAR_ESP3
 .text.CAR_ESP4
                0x0000051a       0x84 UPIITA_LIB/UPIITA_LCD_LIB.o
                0x0000051a                CAR_ESP4
 .text.CAR_ESP5
                0x0000059e       0x84 UPIITA_LIB/UPIITA_LCD_LIB.o
                0x0000059e                CAR_ESP5
 .text.CAR_ESP6
                0x00000622       0x84 UPIITA_LIB/UPIITA_LCD_LIB.o
                0x00000622                CAR_ESP6
 .text.CAR_ESP7
                0x000006a6       0x84 UPIITA_LIB/UPIITA_LCD_LIB.o
                0x000006a6                CAR_ESP7
 .text.ENVIA_CADENA
                0x0000072a       0x1e UPIITA_LIB/UPIITA_LCD_LIB.o
                0x0000072a                ENVIA_CADENA
 .text.LIMPIA_LCD
                0x00000748        0x8 UPIITA_LIB/UPIITA_LCD_LIB.o
                0x00000748                LIMPIA_LCD
 .text.REGRESO_CASA
                0x00000750        0x8 UPIITA_LIB/UPIITA_LCD_LIB.o
                0x00000750                REGRESO_CASA
 .text.CURSOR_IZQ_CORRE
                0x00000758        0x8 UPIITA_LIB/UPIITA_LCD_LIB.o
                0x00000758                CURSOR_IZQ_CORRE
 .text.POS_LINEA2
                0x00000760        0x8 UPIITA_LIB/UPIITA_LCD_LIB.o
                0x00000760                POS_LINEA2
 .text.CARGAR_CAR_ESP
                0x00000768       0x9e UPIITA_LIB/UPIITA_LCD_LIB.o
                0x00000768                CARGAR_CAR_ESP
 .text.LEE_TECLADO
                0x00000806       0xd4 UPIITA_LIB/UPIITA_TECLADO_BARRIDO.o
                0x00000806                LEE_TECLADO
 .text.BARRE_TECLADO
                0x000008da       0x28 UPIITA_LIB/UPIITA_TECLADO_BARRIDO.o
                0x000008da                BARRE_TECLADO
                0x00000902                . = ALIGN (0x2)
 *(.fini9)
 .fini9         0x00000902        0x0 c:/program files (x86)/atmel/atmel toolchain/avr8 gcc/native/3.4.1061/avr8-gnu-toolchain/bin/../lib/gcc/avr/4.8.1/avr5\libgcc.a(_exit.o)
                0x00000902                _exit
                0x00000902                exit
 *(.fini9)
 *(.fini8)
 *(.fini8)
 *(.fini7)
 *(.fini7)
 *(.fini6)
 *(.fini6)
 *(.fini5)
 *(.fini5)
 *(.fini4)
 *(.fini4)
 *(.fini3)
 *(.fini3)
 *(.fini2)
 *(.fini2)
 *(.fini1)
 *(.fini1)
 *(.fini0)
 .fini0         0x00000902        0x4 c:/program files (x86)/atmel/atmel toolchain/avr8 gcc/native/3.4.1061/avr8-gnu-toolchain/bin/../lib/gcc/avr/4.8.1/avr5\libgcc.a(_exit.o)
 *(.fini0)
                0x00000906                _etext = .

.data           0x00800060       0x1e load address 0x00000906
                0x00800060                PROVIDE (__data_start, .)
 *(.data)
 *(.data*)
 *(.rodata)
 .rodata        0x00800060       0x1c UPIITA_LIB/UPIITA_LCD_LIB.o
 *(.rodata*)
 .rodata.str1.1
                0x0080007c        0x2 Practica3_a_teclado.o
 *(.gnu.linkonce.d*)
                0x0080007e                . = ALIGN (0x2)
                0x0080007e                _edata = .
                0x0080007e                PROVIDE (__data_end, .)

.bss            0x0080007e        0x0
                0x0080007e                PROVIDE (__bss_start, .)
 *(.bss)
 *(.bss*)
 *(COMMON)
                0x0080007e                PROVIDE (__bss_end, .)
                0x00000906                __data_load_start = LOADADDR (.data)
                0x00000924                __data_load_end = (__data_load_start + SIZEOF (.data))

.noinit         0x0080007e        0x0
                0x0080007e                PROVIDE (__noinit_start, .)
 *(.noinit*)
                0x0080007e                PROVIDE (__noinit_end, .)
                0x0080007e                _end = .
                0x0080007e                PROVIDE (__heap_start, .)

.eeprom         0x00810000        0x0
 *(.eeprom*)
                0x00810000                __eeprom_end = .

.fuse
 *(.fuse)
 *(.lfuse)
 *(.hfuse)
 *(.efuse)

.lock
 *(.lock*)

.signature
 *(.signature*)

.user_signatures
 *(.user_signatures*)

.stab
 *(.stab)

.stabstr
 *(.stabstr)

.stab.excl
 *(.stab.excl)

.stab.exclstr
 *(.stab.exclstr)

.stab.index
 *(.stab.index)

.stab.indexstr
 *(.stab.indexstr)

.comment        0x00000000       0x30
 *(.comment)
 .comment       0x00000000       0x30 Practica3_a_teclado.o
                                 0x31 (size before relaxing)
 .comment       0x00000000       0x31 UPIITA_LIB/UPIITA_LCD_LIB.o
 .comment       0x00000000       0x31 UPIITA_LIB/UPIITA_TECLADO_BARRIDO.o

.note.gnu.build-id
 *(.note.gnu.build-id)

.debug
 *(.debug)

.line
 *(.line)

.debug_srcinfo
 *(.debug_srcinfo)

.debug_sfnames
 *(.debug_sfnames)

.debug_aranges  0x00000000      0x140
 *(.debug_aranges)
 .debug_aranges
                0x00000000       0x20 Practica3_a_teclado.o
 .debug_aranges
                0x00000020       0xf8 UPIITA_LIB/UPIITA_LCD_LIB.o
 .debug_aranges
                0x00000118       0x28 UPIITA_LIB/UPIITA_TECLADO_BARRIDO.o

.debug_pubnames
 *(.debug_pubnames)

.debug_info     0x00000000     0x1f15
 *(.debug_info .gnu.linkonce.wi.*)
 .debug_info    0x00000000      0x4e8 Practica3_a_teclado.o
 .debug_info    0x000004e8     0x1977 UPIITA_LIB/UPIITA_LCD_LIB.o
 .debug_info    0x00001e5f       0xb6 UPIITA_LIB/UPIITA_TECLADO_BARRIDO.o

.debug_abbrev   0x00000000      0x481
 *(.debug_abbrev)
 .debug_abbrev  0x00000000      0x1a6 Practica3_a_teclado.o
 .debug_abbrev  0x000001a6      0x263 UPIITA_LIB/UPIITA_LCD_LIB.o
 .debug_abbrev  0x00000409       0x78 UPIITA_LIB/UPIITA_TECLADO_BARRIDO.o

.debug_line     0x00000000      0x92a
 *(.debug_line .debug_line.* .debug_line_end)
 .debug_line    0x00000000      0x1fb Practica3_a_teclado.o
 .debug_line    0x000001fb      0x625 UPIITA_LIB/UPIITA_LCD_LIB.o
 .debug_line    0x00000820      0x10a UPIITA_LIB/UPIITA_TECLADO_BARRIDO.o

.debug_frame    0x00000000      0x2d8
 *(.debug_frame)
 .debug_frame   0x00000000       0x34 Practica3_a_teclado.o
 .debug_frame   0x00000034      0x270 UPIITA_LIB/UPIITA_LCD_LIB.o
 .debug_frame   0x000002a4       0x34 UPIITA_LIB/UPIITA_TECLADO_BARRIDO.o

.debug_str      0x00000000      0x3e8
 *(.debug_str)
 .debug_str     0x00000000      0x225 Practica3_a_teclado.o
                                0x25e (size before relaxing)
 .debug_str     0x00000225      0x18e UPIITA_LIB/UPIITA_LCD_LIB.o
                                0x3a0 (size before relaxing)
 .debug_str     0x000003b3       0x35 UPIITA_LIB/UPIITA_TECLADO_BARRIDO.o
                                0x1bb (size before relaxing)

.debug_loc      0x00000000      0x8c0
 *(.debug_loc)
 .debug_loc     0x00000000      0x32e Practica3_a_teclado.o
 .debug_loc     0x0000032e      0x4a2 UPIITA_LIB/UPIITA_LCD_LIB.o
 .debug_loc     0x000007d0       0xf0 UPIITA_LIB/UPIITA_TECLADO_BARRIDO.o

.debug_macinfo
 *(.debug_macinfo)

.debug_weaknames
 *(.debug_weaknames)

.debug_funcnames
 *(.debug_funcnames)

.debug_typenames
 *(.debug_typenames)

.debug_varnames
 *(.debug_varnames)

.debug_pubtypes
 *(.debug_pubtypes)

.debug_ranges   0x00000000      0x110
 *(.debug_ranges)
 .debug_ranges  0x00000000       0x10 Practica3_a_teclado.o
 .debug_ranges  0x00000010       0xe8 UPIITA_LIB/UPIITA_LCD_LIB.o
 .debug_ranges  0x000000f8       0x18 UPIITA_LIB/UPIITA_TECLADO_BARRIDO.o

.debug_macro
 *(.debug_macro)
OUTPUT(Practica3_a_teclado.elf elf32-avr)
LOAD linker stubs
